// Jest Snapshot v1, https://goo.gl/fbAQLP

exports[`PaginationBar renders correctly 1`] = `ShallowWrapper {}`;
